Error for combination cuk_arrest_classification_0.1: [36mray::ForwardSelection.run()[39m (pid=588022, ip=192.168.5.8, actor_id=15120e4616d0e5dee4c6bf3001000000, repr=<augmentation.feature_selection.algorithms.greedy.ForwardSelection object at 0x7b5051d0bd10>)
           ^^^^^^^^^^^^^^^^^^^^^^^^^^^^^^^^^^^^
           ^^^^^^^^^^^^^^^^^^^^^^^^^^^^^^^
  File "/home/fedor/Fast_Data_Discovery/augmentation/feature_selection/algorithms/greedy.py", line 280, in run
    task_calls = self._collect_tasks(task, model, remaining_features, n_iter, **{'sketch_proc_per_class': sketch_proc_per_class, 'statistics_per_class': statistics_per_class})
                 ^^^^^^^^^^^^^^^^^^^^^^^^^^^^^^^^^^^^^^^^^^^^^^^^^^^^^^^^^^^^^^^^^^^^^^^^^^^^^^^^^^^^^^^^^^^^^^^^^^^^^^^^^^^^^^^^^^^^^^^^^^^^^^^^^^^^^^^^^^^^^^^^^^^^^^^^^^^^^^
           ^^^^^^^^^^^^^^^^^^^^^^^^^^^^^^^
  File "/home/fedor/Fast_Data_Discovery/augmentation/feature_selection/algorithms/greedy.py", line 350, in _collect_tasks
    np.stack(
  File "/home/fedor/Fast_Data_Discovery/.venv/lib/python3.12/site-packages/numpy/_core/shape_base.py", line 457, in stack
    raise ValueError('all input arrays must have the same shape')
ValueError: all input arrays must have the same shape
Error for combination cuk_hospital_classification_0.3: [36mray::ForwardSelection.run()[39m (pid=690290, ip=192.168.5.8, actor_id=f63f09c52c6d39da76d0c56301000000, repr=<augmentation.feature_selection.algorithms.greedy.ForwardSelection object at 0x78257ee6b920>)
           ^^^^^^^^^^^^^^^^^^^^^^^^^^^^^^^^^^^^
           ^^^^^^^^^^^^^^^^^^^^^^^^^^^^^^^
  File "/home/fedor/Fast_Data_Discovery/augmentation/feature_selection/algorithms/greedy.py", line 280, in run
    task_calls = self._collect_tasks(task, model, remaining_features, n_iter, **{'sketch_proc_per_class': sketch_proc_per_class, 'statistics_per_class': statistics_per_class})
                 ^^^^^^^^^^^^^^^^^^^^^^^^^^^^^^^^^^^^^^^^^^^^^^^^^^^^^^^^^^^^^^^^^^^^^^^^^^^^^^^^^^^^^^^^^^^^^^^^^^^^^^^^^^^^^^^^^^^^^^^^^^^^^^^^^^^^^^^^^^^^^^^^^^^^^^^^^^^^^^
           ^^^^^^^^^^^^^^^^^^^^^^^^^^^^^^^
  File "/home/fedor/Fast_Data_Discovery/augmentation/feature_selection/algorithms/greedy.py", line 350, in _collect_tasks
    np.stack(
  File "/home/fedor/Fast_Data_Discovery/.venv/lib/python3.12/site-packages/numpy/_core/shape_base.py", line 457, in stack
    raise ValueError('all input arrays must have the same shape')
ValueError: all input arrays must have the same shape
Error for combination cuk_arrest_classification_0.5: [36mray::ForwardSelection.run()[39m (pid=758176, ip=192.168.5.8, actor_id=ed29a346d8b7f3a5820fad7301000000, repr=<augmentation.feature_selection.algorithms.greedy.ForwardSelection object at 0x7a7a71c1fe30>)
           ^^^^^^^^^^^^^^^^^^^^^^^^^^^^^^^^^^^^
           ^^^^^^^^^^^^^^^^^^^^^^^^^^^^^^^
  File "/home/fedor/Fast_Data_Discovery/augmentation/feature_selection/algorithms/greedy.py", line 280, in run
    task_calls = self._collect_tasks(task, model, remaining_features, n_iter, **{'sketch_proc_per_class': sketch_proc_per_class, 'statistics_per_class': statistics_per_class})
                 ^^^^^^^^^^^^^^^^^^^^^^^^^^^^^^^^^^^^^^^^^^^^^^^^^^^^^^^^^^^^^^^^^^^^^^^^^^^^^^^^^^^^^^^^^^^^^^^^^^^^^^^^^^^^^^^^^^^^^^^^^^^^^^^^^^^^^^^^^^^^^^^^^^^^^^^^^^^^^^
           ^^^^^^^^^^^^^^^^^^^^^^^^^^^^^^^
  File "/home/fedor/Fast_Data_Discovery/augmentation/feature_selection/algorithms/greedy.py", line 350, in _collect_tasks
    np.stack(
  File "/home/fedor/Fast_Data_Discovery/.venv/lib/python3.12/site-packages/numpy/_core/shape_base.py", line 457, in stack
    raise ValueError('all input arrays must have the same shape')
ValueError: all input arrays must have the same shape
