Error for combination cuk_elections_autofeat: 
Error for combination gittables_vgsales_arda: 'NoneType' object has no attribute 'get'
Error for combination gittables_vgsales_autofeat: Node with id vgsales.csv not found in join paths dataframe.
Error for combination cuk_jobs_autofeat: 
Error for combination cuk_housing_arda: Expected bytes, got a 'int' object
Error for combination nyc_fire_arda: "['start_sp'] not in index"
Error for combination nyc_fire_autofeat: 
Error for combination nyc_fire_autofeat: 
Error for combination nyc_inspections_backward: Task was killed due to the node running low on memory.
Memory on the node (IP: 192.168.5.8, ID: d1deae351cc04818378029fd8561266c3422e00b0f1ede33527fa01e) where the task (actor ID: 5fe3a64968d043e33fd995c401000000, name=SketchProcessor.__init__, pid=3437664, memory used=19.98GB) was running was 487.22GB / 503.53GB (0.967624), which exceeds the memory usage threshold of 0.95. Ray killed this worker (ID: 3e4e49bde39793d266fa4416a0931a77022a5ea8bd11422b87fed62a) because it was the most recently scheduled task; to see more information about memory usage on this node, use `ray logs raylet.out -ip 192.168.5.8`. To see the logs of the worker, use `ray logs worker-3e4e49bde39793d266fa4416a0931a77022a5ea8bd11422b87fed62a*out -ip 192.168.5.8. Top 10 memory users:
PID	MEM(GB)	COMMAND
3391956	414.77	
1136461	33.19	python experiments/downstream/run.py
3437664	19.98	ray::SketchProcessor._join_aug_sketches
1136604	8.11	python experiments/downstream/run_no_features.py
3391464	0.52	/home/fedor/Fast_Data_Discovery/.venv/lib/python3.12/site-packages/ray/core/src/ray/gcs/gcs_server -...
3437302	0.51	/home/fedor/Fast_Data_Discovery/.venv/lib/python3.12/site-packages/ray/core/src/ray/gcs/gcs_server -...
3391630	0.07	/home/fedor/Fast_Data_Discovery/.venv/bin/python /home/fedor/Fast_Data_Discovery/.venv/lib/python3.1...
3437445	0.07	/home/fedor/Fast_Data_Discovery/.venv/bin/python /home/fedor/Fast_Data_Discovery/.venv/lib/python3.1...
3391824	0.06	
3437582	0.06	/home/fedor/Fast_Data_Discovery/.venv/bin/python -u /home/fedor/Fast_Data_Discovery/.venv/lib/python...
Refer to the documentation on how to address the out of memory issue: https://docs.ray.io/en/latest/ray-core/scheduling/ray-oom-prevention.html. Consider provisioning more memory on this node or reducing task parallelism by requesting more CPUs per task. Set max_restarts and max_task_retries to enable retry when the task crashes due to OOM. To adjust the kill threshold, set the environment variable `RAY_memory_usage_threshold` when starting Ray. To disable worker killing, set the environment variable `RAY_memory_monitor_refresh_ms` to zero.
Error for combination nyc_trees_backward: Task was killed due to the node running low on memory.
Memory on the node (IP: 192.168.5.8, ID: ced86b444380c28f8d3d7708c102ce2d26b9945fdedf7a9998bf9d78) where the task (actor ID: edb35291deff5f36dc975ded01000000, name=SketchProcessor.__init__, pid=3391956, memory used=414.70GB) was running was 487.32GB / 503.53GB (0.967825), which exceeds the memory usage threshold of 0.95. Ray killed this worker (ID: 35f9ca03a7c09731a36cfaa3011beeb83547a4d445fc1bc1cb97fe28) because it was the most recently scheduled task; to see more information about memory usage on this node, use `ray logs raylet.out -ip 192.168.5.8`. To see the logs of the worker, use `ray logs worker-35f9ca03a7c09731a36cfaa3011beeb83547a4d445fc1bc1cb97fe28*out -ip 192.168.5.8. Top 10 memory users:
PID	MEM(GB)	COMMAND
3391956	414.70	ray::SketchProcessor._join_aug_sketches
1136461	33.19	python experiments/downstream/run.py
3437664	19.94	ray::SketchProcessor._join_aug_sketches
1136604	8.11	python experiments/downstream/run_no_features.py
3391464	0.52	/home/fedor/Fast_Data_Discovery/.venv/lib/python3.12/site-packages/ray/core/src/ray/gcs/gcs_server -...
3437302	0.51	/home/fedor/Fast_Data_Discovery/.venv/lib/python3.12/site-packages/ray/core/src/ray/gcs/gcs_server -...
3391630	0.07	/home/fedor/Fast_Data_Discovery/.venv/bin/python /home/fedor/Fast_Data_Discovery/.venv/lib/python3.1...
3437445	0.07	/home/fedor/Fast_Data_Discovery/.venv/bin/python /home/fedor/Fast_Data_Discovery/.venv/lib/python3.1...
3391824	0.06	/home/fedor/Fast_Data_Discovery/.venv/bin/python -u /home/fedor/Fast_Data_Discovery/.venv/lib/python...
3437582	0.06	/home/fedor/Fast_Data_Discovery/.venv/bin/python -u /home/fedor/Fast_Data_Discovery/.venv/lib/python...
Refer to the documentation on how to address the out of memory issue: https://docs.ray.io/en/latest/ray-core/scheduling/ray-oom-prevention.html. Consider provisioning more memory on this node or reducing task parallelism by requesting more CPUs per task. Set max_restarts and max_task_retries to enable retry when the task crashes due to OOM. To adjust the kill threshold, set the environment variable `RAY_memory_usage_threshold` when starting Ray. To disable worker killing, set the environment variable `RAY_memory_monitor_refresh_ms` to zero.
Error for combination nyc_inspections_autofeat: could not parse `__________` as dtype `i64` at column 'PHONE' (column number 7)

The current offset in the file is 68170 bytes.

You might want to try:
- increasing `infer_schema_length` (e.g. `infer_schema_length=10000`),
- specifying correct dtype with the `schema_overrides` argument
- setting `ignore_errors` to `True`,
- adding `__________` to the `null_values` list.

Original error: ```invalid primitive value found during CSV parsing```
Error for combination nyc_inspections_backward: [36mray::SketchProcessor._join_aug_table()[39m (pid=3464048, ip=192.168.5.8, actor_id=a8c3c8e01e4e05e4df864ec201000000, repr=<augmentation.feature_selection.sketch_processing.SketchProcessor object at 0x7345bc463140>)
           ^^^^^^^^^^^^^^^^^^^^^^^^^^^^^^^^^^^^
           ^^^^^^^^^^^^^^^^^^^^^^^^^^^^^^^
  File "/home/fedor/Fast_Data_Discovery/augmentation/feature_selection/sketch_processing.py", line 850, in _join_aug_table
    joint_cofactor_matrix[new_features_indexes, new_features_indexes[0]:new_features_indexes[-1]+1] += joint_aug_cofactors_mask
ValueError: non-broadcastable output operand with shape (1,1) doesn't match the broadcast shape (0,0)
Error for combination nyc_inspections_autofeat: could not parse `__________` as dtype `i64` at column 'PHONE' (column number 7)

The current offset in the file is 68170 bytes.

You might want to try:
- increasing `infer_schema_length` (e.g. `infer_schema_length=10000`),
- specifying correct dtype with the `schema_overrides` argument
- setting `ignore_errors` to `True`,
- adding `__________` to the `null_values` list.

Original error: ```invalid primitive value found during CSV parsing```
Error for combination nyc_realestate_arda: 'NoneType' object has no attribute 'get'
Error for combination nyc_realestate_autofeat: Node with id realestate.csv not found in join paths dataframe.
Error for combination gittables_vgsales_arda: 'NoneType' object has no attribute 'get'
Error for combination gittables_vgsales_autofeat: Node with id vgsales.csv not found in join paths dataframe.
Error for combination gittables_pageviews_arda: 'NoneType' object has no attribute 'get'
Error for combination gittables_pageviews_autofeat: Node with id pageviews.csv not found in join paths dataframe.
Error for combination nyc_realestate_arda: 'NoneType' object has no attribute 'get'
Error for combination nyc_realestate_autofeat: Node with id realestate.csv not found in join paths dataframe.
Error for combination gittables_food_backward: [36mray::BackwardElimination.run()[39m (pid=1664593, ip=192.168.5.8, actor_id=1aa4e918be34271f34dbee6b01000000, repr=<augmentation.feature_selection.algorithms.greedy.BackwardElimination object at 0x7bd1ea5fbec0>)
           ^^^^^^^^^^^^^^^^^^^^^^^^^^^^^^^^^^^^
           ^^^^^^^^^^^^^^^^^^^^^^^^^^^^^^^
  File "/home/fedor/Fast_Data_Discovery/augmentation/feature_selection/algorithms/greedy.py", line 449, in run
    base_score = self._first_iteration(model_instance, self.metric, **params)
                 ^^^^^^^^^^^^^^^^^^^^^^^^^^^^^^^^^^^^^^^^^^^^^^^^^^^^^^^^^^^^
           ^^^^^^^^^^^^^^^^^^^^^^^^^^^^^^^
  File "/home/fedor/Fast_Data_Discovery/augmentation/feature_selection/algorithms/greedy.py", line 65, in _first_iteration
    model.fit_predict(**kwargs)
  File "/home/fedor/Fast_Data_Discovery/augmentation/feature_selection/models.py", line 218, in fit_predict
    L = np.linalg.cholesky(cov_pooled)
        ^^^^^^^^^^^^^^^^^^^^^^^^^^^^^^
  File "/home/fedor/Fast_Data_Discovery/.venv/lib/python3.12/site-packages/numpy/linalg/_linalg.py", line 848, in cholesky
    r = gufunc(a, signature=signature)
        ^^^^^^^^^^^^^^^^^^^^^^^^^^^^^^
  File "/home/fedor/Fast_Data_Discovery/.venv/lib/python3.12/site-packages/numpy/linalg/_linalg.py", line 107, in _raise_linalgerror_nonposdef
    raise LinAlgError("Matrix is not positive definite")
numpy.linalg.LinAlgError: Matrix is not positive definite
Error for combination gittables_food_arda: 'NoneType' object has no attribute 'get'
Error for combination gittables_vgsales_arda: 'NoneType' object has no attribute 'get'
Error for combination gittables_food_autofeat: Node with id food.csv not found in join paths dataframe.
Error for combination gittables_vgsales_autofeat: Node with id vgsales.csv not found in join paths dataframe.
Error for combination gittables_imdb_arda: 'NoneType' object has no attribute 'get'
Error for combination gittables_pageviews_arda: 'NoneType' object has no attribute 'get'
Error for combination gittables_imdb_autofeat: Node with id imdb.csv not found in join paths dataframe.
Error for combination gittables_pageviews_autofeat: Node with id pageviews.csv not found in join paths dataframe.
Error for combination gittables_food_backward: [36mray::BackwardElimination.run()[39m (pid=1719014, ip=192.168.5.8, actor_id=4c37fdf928e98ab5338daeea01000000, repr=<augmentation.feature_selection.algorithms.greedy.BackwardElimination object at 0x712d861088f0>)
           ^^^^^^^^^^^^^^^^^^^^^^^^^^^^^^^^^^^^
           ^^^^^^^^^^^^^^^^^^^^^^^^^^^^^^^
  File "/home/fedor/Fast_Data_Discovery/augmentation/feature_selection/algorithms/greedy.py", line 449, in run
    base_score = self._first_iteration(model_instance, self.metric, **params)
                 ^^^^^^^^^^^^^^^^^^^^^^^^^^^^^^^^^^^^^^^^^^^^^^^^^^^^^^^^^^^^
           ^^^^^^^^^^^^^^^^^^^^^^^^^^^^^^^
  File "/home/fedor/Fast_Data_Discovery/augmentation/feature_selection/algorithms/greedy.py", line 65, in _first_iteration
    model.fit_predict(**kwargs)
  File "/home/fedor/Fast_Data_Discovery/augmentation/feature_selection/models.py", line 218, in fit_predict
    L = np.linalg.cholesky(cov_pooled)
        ^^^^^^^^^^^^^^^^^^^^^^^^^^^^^^
  File "/home/fedor/Fast_Data_Discovery/.venv/lib/python3.12/site-packages/numpy/linalg/_linalg.py", line 848, in cholesky
    r = gufunc(a, signature=signature)
        ^^^^^^^^^^^^^^^^^^^^^^^^^^^^^^
  File "/home/fedor/Fast_Data_Discovery/.venv/lib/python3.12/site-packages/numpy/linalg/_linalg.py", line 107, in _raise_linalgerror_nonposdef
    raise LinAlgError("Matrix is not positive definite")
numpy.linalg.LinAlgError: Matrix is not positive definite
Error for combination gittables_food_arda: 'NoneType' object has no attribute 'get'
Error for combination gittables_food_autofeat: Node with id food.csv not found in join paths dataframe.
Error for combination gittables_imdb_arda: 'NoneType' object has no attribute 'get'
Error for combination gittables_imdb_autofeat: Node with id imdb.csv not found in join paths dataframe.
Error for combination cuk_elections_backward: [36mray::BackwardElimination.run()[39m (pid=1942332, ip=192.168.5.8, actor_id=3bae3a4484b012f45d98141901000000, repr=<augmentation.feature_selection.algorithms.greedy.BackwardElimination object at 0x75c8ce723bc0>)
           ^^^^^^^^^^^^^^^^^^^^^^^^^^^^^^^^^^^^
           ^^^^^^^^^^^^^^^^^^^^^^^^^^^^^^^
  File "/home/fedor/Fast_Data_Discovery/augmentation/feature_selection/algorithms/greedy.py", line 408, in run
    base_score = self._first_iteration(model_instance, self.metric, **params)
                 ^^^^^^^^^^^^^^^^^^^^^^^^^^^^^^^^^^^^^^^^^^^^^^^^^^^^^^^^^^^^
           ^^^^^^^^^^^^^^^^^^^^^^^^^^^^^^^
  File "/home/fedor/Fast_Data_Discovery/augmentation/feature_selection/algorithms/greedy.py", line 66, in _first_iteration
    return model.score(metric, **kwargs).item()
           ^^^^^^^^^^^^^^^^^^^^^^^^^^^^^
  File "/home/fedor/Fast_Data_Discovery/augmentation/feature_selection/base/model.py", line 59, in score
    raise LinAlgError(cond_number)
augmentation.utils.exceptions.LinAlgError: Linear algebra error: condition number 1.1128765762302372e+18 is too high. Near singular matrix or ill-conditioned matrix.
Error for combination cuk_elections_autofeat: 
Error for combination cuk_jobs_autofeat: 
Error for combination cuk_housing_arda: Expected bytes, got a 'int' object
Error for combination cuk_elections_autofeat: 
Error for combination cuk_jobs_autofeat: 
Error for combination cuk_housing_arda: Expected bytes, got a 'int' object
Error for combination cuk_elections_autofeat: 
Error for combination cuk_jobs_autofeat: 
Error for combination cuk_housing_arda: Expected bytes, got a 'int' object
Error for combination nyc_fire_arda: Pandas dataframe contains non-unique indices and/or column names. Polars dataframes require unique string names for columns.
Error for combination gittables_vgsales_arda: 'NoneType' object has no attribute 'get'
Error for combination gittables_vgsales_autofeat: Node with id vgsales.csv not found in join paths dataframe.
Error for combination gittables_pageviews_arda: 'NoneType' object has no attribute 'get'
Error for combination gittables_pageviews_autofeat: Node with id pageviews.csv not found in join paths dataframe.
Error for combination nyc_fire_autofeat: 
Error for combination gittables_food_backward: [36mray::BackwardElimination.run()[39m (pid=4020591, ip=192.168.5.8, actor_id=ec3be0fa7989ba6349a0e50b01000000, repr=<augmentation.feature_selection.algorithms.greedy.BackwardElimination object at 0x757beab379e0>)
           ^^^^^^^^^^^^^^^^^^^^^^^^^^^^^^^^^^^^
           ^^^^^^^^^^^^^^^^^^^^^^^^^^^^^^^
  File "/home/fedor/Fast_Data_Discovery/augmentation/feature_selection/algorithms/greedy.py", line 449, in run
    base_score = self._first_iteration(model_instance, self.metric, **params)
                 ^^^^^^^^^^^^^^^^^^^^^^^^^^^^^^^^^^^^^^^^^^^^^^^^^^^^^^^^^^^^
           ^^^^^^^^^^^^^^^^^^^^^^^^^^^^^^^
  File "/home/fedor/Fast_Data_Discovery/augmentation/feature_selection/algorithms/greedy.py", line 65, in _first_iteration
    model.fit_predict(**kwargs)
  File "/home/fedor/Fast_Data_Discovery/augmentation/feature_selection/models.py", line 218, in fit_predict
    L = np.linalg.cholesky(cov_pooled)
        ^^^^^^^^^^^^^^^^^^^^^^^^^^^^^^
  File "/home/fedor/Fast_Data_Discovery/.venv/lib/python3.12/site-packages/numpy/linalg/_linalg.py", line 848, in cholesky
    r = gufunc(a, signature=signature)
        ^^^^^^^^^^^^^^^^^^^^^^^^^^^^^^
  File "/home/fedor/Fast_Data_Discovery/.venv/lib/python3.12/site-packages/numpy/linalg/_linalg.py", line 107, in _raise_linalgerror_nonposdef
    raise LinAlgError("Matrix is not positive definite")
numpy.linalg.LinAlgError: Matrix is not positive definite
Error for combination gittables_food_arda: 'NoneType' object has no attribute 'get'
Error for combination gittables_food_autofeat: Node with id food.csv not found in join paths dataframe.
Error for combination gittables_imdb_arda: 'NoneType' object has no attribute 'get'
Error for combination gittables_imdb_autofeat: Node with id imdb.csv not found in join paths dataframe.
Error for combination nyc_trees_backward: Task was killed due to the node running low on memory.
Memory on the node (IP: 192.168.5.8, ID: c670446dc08b9f075f5168b0f49dad4a0879c98d037d3172bca2a40e) where the task (actor ID: 815635f6447ad9230b50b5a201000000, name=SketchProcessor.__init__, pid=4113167, memory used=414.88GB) was running was 486.00GB / 503.53GB (0.9652), which exceeds the memory usage threshold of 0.95. Ray killed this worker (ID: b1bda0d0d7d293beedf9929c6b7d7766e36acb762552f23e650780e5) because it was the most recently scheduled task; to see more information about memory usage on this node, use `ray logs raylet.out -ip 192.168.5.8`. To see the logs of the worker, use `ray logs worker-b1bda0d0d7d293beedf9929c6b7d7766e36acb762552f23e650780e5*out -ip 192.168.5.8. Top 10 memory users:
PID	MEM(GB)	COMMAND
4113167	414.88	ray::SketchProcessor._join_aug_sketches
2961481	29.72	python experiments/downstream/run_cat_features.py
3762324	27.52	python experiments/downstream/run_no_features.py
4142681	0.90	git diff --name-status -z --diff-filter=ADMR 645c732e1573b282231b57a90771100d8fbec6f1 --
3834565	0.70	/home/fedor/.vscode-server/cli/servers/Stable-072586267e68ece9a47aa43f8c108e0dcbf44622/server/node /...
2657585	0.54	/home/fedor/.vscode-server/cli/servers/Stable-072586267e68ece9a47aa43f8c108e0dcbf44622/server/node -...
4112802	0.53	/home/fedor/Fast_Data_Discovery/.venv/lib/python3.12/site-packages/ray/core/src/ray/gcs/gcs_server -...
4112945	0.07	/home/fedor/Fast_Data_Discovery/.venv/bin/python /home/fedor/Fast_Data_Discovery/.venv/lib/python3.1...
4113084	0.07	/home/fedor/Fast_Data_Discovery/.venv/bin/python -u /home/fedor/Fast_Data_Discovery/.venv/lib/python...
2659222	0.06	/home/fedor/Fast_Data_Discovery/.venv/bin/python -m ipykernel_launcher --f=/run/user/1004/jupyter/ru...
Refer to the documentation on how to address the out of memory issue: https://docs.ray.io/en/latest/ray-core/scheduling/ray-oom-prevention.html. Consider provisioning more memory on this node or reducing task parallelism by requesting more CPUs per task. Set max_restarts and max_task_retries to enable retry when the task crashes due to OOM. To adjust the kill threshold, set the environment variable `RAY_memory_usage_threshold` when starting Ray. To disable worker killing, set the environment variable `RAY_memory_monitor_refresh_ms` to zero.
Error for combination nyc_inspections_backward: [36mray::SketchProcessor._join_aug_table()[39m (pid=4150070, ip=192.168.5.8, actor_id=e108551d750938b6f4651d6f01000000, repr=<augmentation.feature_selection.sketch_processing.SketchProcessor object at 0x74d5cc117a40>)
           ^^^^^^^^^^^^^^^^^^^^^^^^^^^^^^^^^^^^
           ^^^^^^^^^^^^^^^^^^^^^^^^^^^^^^^
  File "/home/fedor/Fast_Data_Discovery/augmentation/feature_selection/sketch_processing.py", line 850, in _join_aug_table
    joint_cofactor_matrix[new_features_indexes, new_features_indexes[0]:new_features_indexes[-1]+1] += joint_aug_cofactors_mask
ValueError: non-broadcastable output operand with shape (1,1) doesn't match the broadcast shape (0,0)
Error for combination nyc_inspections_autofeat: could not parse `__________` as dtype `i64` at column 'PHONE' (column number 7)

The current offset in the file is 68170 bytes.

You might want to try:
- increasing `infer_schema_length` (e.g. `infer_schema_length=10000`),
- specifying correct dtype with the `schema_overrides` argument
- setting `ignore_errors` to `True`,
- adding `__________` to the `null_values` list.

Original error: ```invalid primitive value found during CSV parsing```
Error for combination nyc_fire_autofeat: 
Error for combination nyc_realestate_arda: 'NoneType' object has no attribute 'get'
Error for combination nyc_realestate_autofeat: Node with id realestate.csv not found in join paths dataframe.
Error for combination gittables_vgsales_arda: 'NoneType' object has no attribute 'get'
Error for combination gittables_vgsales_autofeat: Node with id vgsales.csv not found in join paths dataframe.
Error for combination gittables_pageviews_arda: 'NoneType' object has no attribute 'get'
Error for combination gittables_pageviews_autofeat: Node with id pageviews.csv not found in join paths dataframe.
Error for combination gittables_food_backward: [36mray::BackwardElimination.run()[39m (pid=51882, ip=192.168.5.8, actor_id=bdd9444aa180bfc4fb7d3dcc01000000, repr=<augmentation.feature_selection.algorithms.greedy.BackwardElimination object at 0x7ba5b273c3e0>)
           ^^^^^^^^^^^^^^^^^^^^^^^^^^^^^^^^^^^^
           ^^^^^^^^^^^^^^^^^^^^^^^^^^^^^^^
  File "/home/fedor/Fast_Data_Discovery/augmentation/feature_selection/algorithms/greedy.py", line 449, in run
    base_score = self._first_iteration(model_instance, self.metric, **params)
                 ^^^^^^^^^^^^^^^^^^^^^^^^^^^^^^^^^^^^^^^^^^^^^^^^^^^^^^^^^^^^
           ^^^^^^^^^^^^^^^^^^^^^^^^^^^^^^^
  File "/home/fedor/Fast_Data_Discovery/augmentation/feature_selection/algorithms/greedy.py", line 65, in _first_iteration
    model.fit_predict(**kwargs)
  File "/home/fedor/Fast_Data_Discovery/augmentation/feature_selection/models.py", line 218, in fit_predict
    L = np.linalg.cholesky(cov_pooled)
        ^^^^^^^^^^^^^^^^^^^^^^^^^^^^^^
  File "/home/fedor/Fast_Data_Discovery/.venv/lib/python3.12/site-packages/numpy/linalg/_linalg.py", line 848, in cholesky
    r = gufunc(a, signature=signature)
        ^^^^^^^^^^^^^^^^^^^^^^^^^^^^^^
  File "/home/fedor/Fast_Data_Discovery/.venv/lib/python3.12/site-packages/numpy/linalg/_linalg.py", line 107, in _raise_linalgerror_nonposdef
    raise LinAlgError("Matrix is not positive definite")
numpy.linalg.LinAlgError: Matrix is not positive definite
Error for combination nyc_trees_backward: Task was killed due to the node running low on memory.
Memory on the node (IP: 192.168.5.8, ID: 5d9c0a03847e6d552eadea74846c8545b2adfe7a7058c5b32b36f098) where the task (actor ID: 55b23537c466d376947990ee01000000, name=SketchProcessor.__init__, pid=19362, memory used=337.62GB) was running was 485.59GB / 503.53GB (0.964382), which exceeds the memory usage threshold of 0.95. Ray killed this worker (ID: d00c069b75eca37410632680f5eb71e6b6756aa07f519bca04c91e3e) because it was the most recently scheduled task; to see more information about memory usage on this node, use `ray logs raylet.out -ip 192.168.5.8`. To see the logs of the worker, use `ray logs worker-d00c069b75eca37410632680f5eb71e6b6756aa07f519bca04c91e3e*out -ip 192.168.5.8. Top 10 memory users:
PID	MEM(GB)	COMMAND
19362	337.62	ray::SketchProcessor._join_aug_sketches
3762324	36.23	python experiments/downstream/run_no_features.py
19029	0.53	/home/fedor/Fast_Data_Discovery/.venv/lib/python3.12/site-packages/ray/core/src/ray/gcs/gcs_server -...
3834565	0.48	/home/fedor/.vscode-server/cli/servers/Stable-072586267e68ece9a47aa43f8c108e0dcbf44622/server/node /...
2657585	0.46	/home/fedor/.vscode-server/cli/servers/Stable-072586267e68ece9a47aa43f8c108e0dcbf44622/server/node -...
19200	0.07	/home/fedor/Fast_Data_Discovery/.venv/bin/python /home/fedor/Fast_Data_Discovery/.venv/lib/python3.1...
19313	0.07	/home/fedor/Fast_Data_Discovery/.venv/bin/python -u /home/fedor/Fast_Data_Discovery/.venv/lib/python...
19250	0.05	/home/fedor/Fast_Data_Discovery/.venv/lib/python3.12/site-packages/ray/core/src/ray/raylet/raylet --...
2659222	0.05	/home/fedor/Fast_Data_Discovery/.venv/bin/python -m ipykernel_launcher --f=/run/user/1004/jupyter/ru...
19171	0.04	/home/fedor/Fast_Data_Discovery/.venv/bin/python -u /home/fedor/Fast_Data_Discovery/.venv/lib/python...
Refer to the documentation on how to address the out of memory issue: https://docs.ray.io/en/latest/ray-core/scheduling/ray-oom-prevention.html. Consider provisioning more memory on this node or reducing task parallelism by requesting more CPUs per task. Set max_restarts and max_task_retries to enable retry when the task crashes due to OOM. To adjust the kill threshold, set the environment variable `RAY_memory_usage_threshold` when starting Ray. To disable worker killing, set the environment variable `RAY_memory_monitor_refresh_ms` to zero.
Error for combination nyc_inspections_backward: [36mray::SketchProcessor._join_aug_table()[39m (pid=62685, ip=192.168.5.8, actor_id=bf0571cf5921f0afb2ed75a701000000, repr=<augmentation.feature_selection.sketch_processing.SketchProcessor object at 0x7f8bf0263950>)
           ^^^^^^^^^^^^^^^^^^^^^^^^^^^^^^^^^^^^
           ^^^^^^^^^^^^^^^^^^^^^^^^^^^^^^^
  File "/home/fedor/Fast_Data_Discovery/augmentation/feature_selection/sketch_processing.py", line 850, in _join_aug_table
    joint_cofactor_matrix[new_features_indexes, new_features_indexes[0]:new_features_indexes[-1]+1] += joint_aug_cofactors_mask
ValueError: non-broadcastable output operand with shape (1,1) doesn't match the broadcast shape (0,0)
Error for combination nyc_inspections_autofeat: could not parse `__________` as dtype `i64` at column 'PHONE' (column number 7)

The current offset in the file is 68170 bytes.

You might want to try:
- increasing `infer_schema_length` (e.g. `infer_schema_length=10000`),
- specifying correct dtype with the `schema_overrides` argument
- setting `ignore_errors` to `True`,
- adding `__________` to the `null_values` list.

Original error: ```invalid primitive value found during CSV parsing```
Error for combination nyc_realestate_arda: 'NoneType' object has no attribute 'get'
Error for combination nyc_realestate_autofeat: Node with id realestate.csv not found in join paths dataframe.
Error for combination gittables_imdb_arda: 'NoneType' object has no attribute 'get'
Error for combination gittables_imdb_autofeat: Node with id imdb.csv not found in join paths dataframe.
Error for combination gittables_food_autofeat: Node with id food.csv not found in join paths dataframe.
Error for combination gittables_food_autofeat: Node with id food.csv not found in join paths dataframe.
Error for combination gittables_food_autofeat: Node with id food.csv not found in join paths dataframe.
Error for combination gittables_food_autofeat: Node with id food.csv not found in join paths dataframe.
Error for combination gittables_food_autofeat: Node with id food.csv not found in join paths dataframe.
Error for combination gittables_vgsales_arda: 'NoneType' object has no attribute 'get'
Error for combination gittables_vgsales_autofeat: Node with id vgsales.csv not found in join paths dataframe.
Error for combination gittables_pageviews_arda: 'NoneType' object has no attribute 'get'
Error for combination gittables_pageviews_autofeat: Node with id pageviews.csv not found in join paths dataframe.
Error for combination gittables_food_backward: [36mray::BackwardElimination.run()[39m (pid=2834481, ip=192.168.5.8, actor_id=a4e5320a1863947bf7c4d83601000000, repr=<augmentation.feature_selection.algorithms.greedy.BackwardElimination object at 0x704e9290bd70>)
           ^^^^^^^^^^^^^^^^^^^^^^^^^^^^^^^^^^^^
           ^^^^^^^^^^^^^^^^^^^^^^^^^^^^^^^
  File "/home/fedor/Fast_Data_Discovery/augmentation/feature_selection/algorithms/greedy.py", line 449, in run
    base_score = self._first_iteration(model_instance, self.metric, **params)
                 ^^^^^^^^^^^^^^^^^^^^^^^^^^^^^^^^^^^^^^^^^^^^^^^^^^^^^^^^^^^^
           ^^^^^^^^^^^^^^^^^^^^^^^^^^^^^^^
  File "/home/fedor/Fast_Data_Discovery/augmentation/feature_selection/algorithms/greedy.py", line 65, in _first_iteration
    model.fit_predict(**kwargs)
  File "/home/fedor/Fast_Data_Discovery/augmentation/feature_selection/models.py", line 218, in fit_predict
    L = np.linalg.cholesky(cov_pooled)
        ^^^^^^^^^^^^^^^^^^^^^^^^^^^^^^
  File "/home/fedor/Fast_Data_Discovery/.venv/lib/python3.12/site-packages/numpy/linalg/_linalg.py", line 848, in cholesky
    r = gufunc(a, signature=signature)
        ^^^^^^^^^^^^^^^^^^^^^^^^^^^^^^
  File "/home/fedor/Fast_Data_Discovery/.venv/lib/python3.12/site-packages/numpy/linalg/_linalg.py", line 107, in _raise_linalgerror_nonposdef
    raise LinAlgError("Matrix is not positive definite")
numpy.linalg.LinAlgError: Matrix is not positive definite
Error for combination gittables_food_arda: 'NoneType' object has no attribute 'get'
Error for combination gittables_food_autofeat: Node with id food.csv not found in join paths dataframe.
Error for combination gittables_imdb_arda: 'NoneType' object has no attribute 'get'
Error for combination gittables_imdb_autofeat: Node with id imdb.csv not found in join paths dataframe.
Error for combination cuk_jobs_autofeat: 
Error for combination nyc_fire_arda: "['start_sp'] not in index"
Error for combination nyc_fire_autofeat: 
Error for combination nyc_trees_backward: Task was killed due to the node running low on memory.
Memory on the node (IP: 192.168.5.8, ID: 52df71598a8892dbe53af8f600ac154e1afa1c978e275b6fe0f3a8b3) where the task (actor ID: d65d0a93cf887119b1b1b29d01000000, name=SketchProcessor.__init__, pid=2930479, memory used=428.14GB) was running was 482.18GB / 503.53GB (0.957615), which exceeds the memory usage threshold of 0.95. Ray killed this worker (ID: 97b4c41258f5c7317a7f35bfedae005daa3439a713e3ae2a494b8eba) because it was the most recently scheduled task; to see more information about memory usage on this node, use `ray logs raylet.out -ip 192.168.5.8`. To see the logs of the worker, use `ray logs worker-97b4c41258f5c7317a7f35bfedae005daa3439a713e3ae2a494b8eba*out -ip 192.168.5.8. Top 10 memory users:
PID	MEM(GB)	COMMAND
2930479	428.14	ray::SketchProcessor._join_aug_sketches
2800431	42.78	python experiments/downstream/run_cat_features.py
2930145	0.53	/home/fedor/Fast_Data_Discovery/.venv/lib/python3.12/site-packages/ray/core/src/ray/gcs/gcs_server -...
2930316	0.07	/home/fedor/Fast_Data_Discovery/.venv/bin/python /home/fedor/Fast_Data_Discovery/.venv/lib/python3.1...
2930432	0.06	/home/fedor/Fast_Data_Discovery/.venv/bin/python -u /home/fedor/Fast_Data_Discovery/.venv/lib/python...
2930366	0.05	/home/fedor/Fast_Data_Discovery/.venv/lib/python3.12/site-packages/ray/core/src/ray/raylet/raylet --...
2930287	0.04	/home/fedor/Fast_Data_Discovery/.venv/bin/python -u /home/fedor/Fast_Data_Discovery/.venv/lib/python...
2930402	0.04	/home/fedor/Fast_Data_Discovery/.venv/bin/python -u /home/fedor/Fast_Data_Discovery/.venv/lib/python...
2930434	0.04	/home/fedor/Fast_Data_Discovery/.venv/bin/python -u /home/fedor/Fast_Data_Discovery/.venv/lib/python...
2863116	0.02	/home/fedor/Fast_Data_Discovery/.venv/bin/python -c from joblib.externals.loky.backend.resource_trac...
Refer to the documentation on how to address the out of memory issue: https://docs.ray.io/en/latest/ray-core/scheduling/ray-oom-prevention.html. Consider provisioning more memory on this node or reducing task parallelism by requesting more CPUs per task. Set max_restarts and max_task_retries to enable retry when the task crashes due to OOM. To adjust the kill threshold, set the environment variable `RAY_memory_usage_threshold` when starting Ray. To disable worker killing, set the environment variable `RAY_memory_monitor_refresh_ms` to zero.
Error for combination nyc_realestate_arda: 'NoneType' object has no attribute 'get'
Error for combination nyc_realestate_autofeat: Node with id realestate.csv not found in join paths dataframe.
Error for combination gittables_vgsales_arda: 'NoneType' object has no attribute 'get'
Error for combination gittables_pageviews_arda: 'NoneType' object has no attribute 'get'
Error for combination gittables_food_arda: 'NoneType' object has no attribute 'get'
Error for combination gittables_imdb_arda: 'NoneType' object has no attribute 'get'
Error for combination nyc_realestate_arda: 'NoneType' object has no attribute 'get'
Error for combination gittables_vgsales_arda: 'NoneType' object has no attribute 'get'
Error for combination gittables_pageviews_arda: 'NoneType' object has no attribute 'get'
Error for combination gittables_food_arda: 'NoneType' object has no attribute 'get'
Error for combination gittables_imdb_arda: 'NoneType' object has no attribute 'get'
Error for combination nyc_realestate_arda: 'NoneType' object has no attribute 'get'
Error for combination nyc_realestate_arda: 'NoneType' object has no attribute 'get'
Error for combination gittables_vgsales_arda: 'NoneType' object has no attribute 'get'
Error for combination gittables_pageviews_arda: 'NoneType' object has no attribute 'get'
Error for combination gittables_food_arda: 'NoneType' object has no attribute 'get'
Error for combination gittables_imdb_arda: 'NoneType' object has no attribute 'get'
Error for combination cuk_jobs_autofeat: 
Error for combination nyc_fire_autofeat: 
Error for combination nyc_realestate_autofeat: Node with id realestate.csv not found in join paths dataframe.
Error for combination gittables_vgsales_autofeat: Node with id vgsales.csv not found in join paths dataframe.
Error for combination gittables_pageviews_autofeat: Node with id pageviews.csv not found in join paths dataframe.
Error for combination gittables_food_autofeat: Node with id food.csv not found in join paths dataframe.
Error for combination gittables_imdb_autofeat: Node with id imdb.csv not found in join paths dataframe.
