Error for combination gittables_food_RegressionQR: [36mray::ForwardSelection.run()[39m (pid=1997793, ip=192.168.5.8, actor_id=94267dcb09d37acc2b26c11001000000, repr=<augmentation.feature_selection.algorithms.greedy.ForwardSelection object at 0x791fc6826ea0>)
           ^^^^^^^^^^^^^^^^^^^^^^^^^^^^^^^^^^^^
           ^^^^^^^^^^^^^^^^^^^^^^^^^^^^^^^
  File "/home/fedor/Fast_Data_Discovery/augmentation/feature_selection/algorithms/greedy.py", line 229, in run
    results = ray.get(futures)
              ^^^^^^^^^^^^^^^^
           ^^^^^^^^^^^^^^^^^^^
           ^^^^^^^^^^^^^^^^^^^^^
                                  ^^^^^^^^^^^^^^^^^^^^^^^^^^^^^^^^^^^^^^^^^^^^^^^^
ray.exceptions.RayTaskError(TypeError): [36mray::task_wrapper()[39m (pid=1997783, ip=192.168.5.8)
  File "/home/fedor/Fast_Data_Discovery/augmentation/feature_selection/algorithms/greedy.py", line 19, in task_wrapper
    return method(*args, **kwargs)
           ^^^^^^^^^^^^^^^^^^^^^^^
           ^^^^^^^^^^^^^^^^^^^^^^^^^^^^^^^
  File "/home/fedor/Fast_Data_Discovery/augmentation/feature_selection/algorithms/greedy.py", line 43, in _evaluate_feature
    model.fit_predict(**kwargs)
TypeError: RegressionQR.fit_predict() missing 2 required positional arguments: 'joint_cofactor' and 'feature_target'
Error for combination cuk_arrest_RegressionQR: [36mray::ForwardSelection.run()[39m (pid=2025071, ip=192.168.5.8, actor_id=84ef7e90c388ea8829f6342801000000, repr=<augmentation.feature_selection.algorithms.greedy.ForwardSelection object at 0x74a9500c2e40>)
           ^^^^^^^^^^^^^^^^^^^^^^^^^^^^^^^^^^^^
           ^^^^^^^^^^^^^^^^^^^^^^^^^^^^^^^
  File "/home/fedor/Fast_Data_Discovery/augmentation/feature_selection/algorithms/greedy.py", line 229, in run
    results = ray.get(futures)
              ^^^^^^^^^^^^^^^^
           ^^^^^^^^^^^^^^^^^^^
           ^^^^^^^^^^^^^^^^^^^^^
                                  ^^^^^^^^^^^^^^^^^^^^^^^^^^^^^^^^^^^^^^^^^^^^^^^^
ray.exceptions.RayTaskError(TypeError): [36mray::task_wrapper()[39m (pid=2025079, ip=192.168.5.8)
  File "/home/fedor/Fast_Data_Discovery/augmentation/feature_selection/algorithms/greedy.py", line 19, in task_wrapper
    return method(*args, **kwargs)
           ^^^^^^^^^^^^^^^^^^^^^^^
           ^^^^^^^^^^^^^^^^^^^^^^^^^^^^^^^
  File "/home/fedor/Fast_Data_Discovery/augmentation/feature_selection/algorithms/greedy.py", line 43, in _evaluate_feature
    model.fit_predict(**kwargs)
TypeError: RegressionQR.fit_predict() missing 2 required positional arguments: 'joint_cofactor' and 'feature_target'
Error for combination cuk_hospital_RegressionQR: [36mray::ForwardSelection.run()[39m (pid=2032373, ip=192.168.5.8, actor_id=9b4e814368e98a0b444893eb01000000, repr=<augmentation.feature_selection.algorithms.greedy.ForwardSelection object at 0x71235a59ef00>)
           ^^^^^^^^^^^^^^^^^^^^^^^^^^^^^^^^^^^^
           ^^^^^^^^^^^^^^^^^^^^^^^^^^^^^^^
  File "/home/fedor/Fast_Data_Discovery/augmentation/feature_selection/algorithms/greedy.py", line 229, in run
    results = ray.get(futures)
              ^^^^^^^^^^^^^^^^
           ^^^^^^^^^^^^^^^^^^^
           ^^^^^^^^^^^^^^^^^^^^^
                                  ^^^^^^^^^^^^^^^^^^^^^^^^^^^^^^^^^^^^^^^^^^^^^^^^
ray.exceptions.RayTaskError(TypeError): [36mray::task_wrapper()[39m (pid=2032384, ip=192.168.5.8)
  File "/home/fedor/Fast_Data_Discovery/augmentation/feature_selection/algorithms/greedy.py", line 19, in task_wrapper
    return method(*args, **kwargs)
           ^^^^^^^^^^^^^^^^^^^^^^^
           ^^^^^^^^^^^^^^^^^^^^^^^^^^^^^^^
  File "/home/fedor/Fast_Data_Discovery/augmentation/feature_selection/algorithms/greedy.py", line 43, in _evaluate_feature
    model.fit_predict(**kwargs)
TypeError: RegressionQR.fit_predict() missing 2 required positional arguments: 'joint_cofactor' and 'feature_target'
Error for combination nyc_trees_RegressionQR: [36mray::ForwardSelection.run()[39m (pid=2083816, ip=192.168.5.8, actor_id=755b78e19176743bab2a109c01000000, repr=<augmentation.feature_selection.algorithms.greedy.ForwardSelection object at 0x745243fab350>)
           ^^^^^^^^^^^^^^^^^^^^^^^^^^^^^^^^^^^^
           ^^^^^^^^^^^^^^^^^^^^^^^^^^^^^^^
  File "/home/fedor/Fast_Data_Discovery/augmentation/feature_selection/algorithms/greedy.py", line 229, in run
    results = ray.get(futures)
              ^^^^^^^^^^^^^^^^
           ^^^^^^^^^^^^^^^^^^^
           ^^^^^^^^^^^^^^^^^^^^^
                                  ^^^^^^^^^^^^^^^^^^^^^^^^^^^^^^^^^^^^^^^^^^^^^^^^
ray.exceptions.RayTaskError(TypeError): [36mray::task_wrapper()[39m (pid=2083833, ip=192.168.5.8)
  File "/home/fedor/Fast_Data_Discovery/augmentation/feature_selection/algorithms/greedy.py", line 19, in task_wrapper
    return method(*args, **kwargs)
           ^^^^^^^^^^^^^^^^^^^^^^^
           ^^^^^^^^^^^^^^^^^^^^^^^^^^^^^^^
  File "/home/fedor/Fast_Data_Discovery/augmentation/feature_selection/algorithms/greedy.py", line 43, in _evaluate_feature
    model.fit_predict(**kwargs)
TypeError: RegressionQR.fit_predict() missing 2 required positional arguments: 'joint_cofactor' and 'feature_target'
