2025-12-17 14:30:31 - exhaustive_index - INFO - Starting process
2025-12-17 14:30:31 - exhaustive_index - INFO - Read 1 table(s) from /app/data/canada_us_uk_open_data/datasets_USA.zip
2025-12-17 14:30:34 - exhaustive_index - INFO - Read 101 table(s) from /app/data/canada_us_uk_open_data/datasets_USA.zip
2025-12-17 14:30:36 - exhaustive_index - INFO - Read 201 table(s) from /app/data/canada_us_uk_open_data/datasets_USA.zip
2025-12-17 14:30:38 - exhaustive_index - INFO - Read 301 table(s) from /app/data/canada_us_uk_open_data/datasets_USA.zip
2025-12-17 14:30:39 - exhaustive_index - INFO - Read 401 table(s) from /app/data/canada_us_uk_open_data/datasets_USA.zip
2025-12-17 14:30:39 - exhaustive_index - INFO - Read 501 table(s) from /app/data/canada_us_uk_open_data/datasets_USA.zip
2025-12-17 14:30:40 - exhaustive_index - INFO - Read 601 table(s) from /app/data/canada_us_uk_open_data/datasets_USA.zip
2025-12-17 14:30:40 - exhaustive_index - INFO - Read 701 table(s) from /app/data/canada_us_uk_open_data/datasets_USA.zip
2025-12-17 14:30:41 - exhaustive_index - INFO - Read 801 table(s) from /app/data/canada_us_uk_open_data/datasets_USA.zip
2025-12-17 14:30:41 - exhaustive_index - INFO - Read 901 table(s) from /app/data/canada_us_uk_open_data/datasets_USA.zip
2025-12-17 14:30:42 - exhaustive_index - INFO - Read 1001 table(s) from /app/data/canada_us_uk_open_data/datasets_USA.zip
2025-12-17 14:30:42 - exhaustive_index - INFO - Read 1101 table(s) from /app/data/canada_us_uk_open_data/datasets_USA.zip
2025-12-17 14:30:43 - exhaustive_index - INFO - Read 1201 table(s) from /app/data/canada_us_uk_open_data/datasets_USA.zip
2025-12-17 14:30:44 - exhaustive_index - INFO - Read 1301 table(s) from /app/data/canada_us_uk_open_data/datasets_USA.zip
2025-12-17 14:30:44 - exhaustive_index - INFO - Read 1401 table(s) from /app/data/canada_us_uk_open_data/datasets_USA.zip
2025-12-17 14:30:45 - exhaustive_index - INFO - Read 1501 table(s) from /app/data/canada_us_uk_open_data/datasets_USA.zip
2025-12-17 14:30:45 - exhaustive_index - INFO - Read 1601 table(s) from /app/data/canada_us_uk_open_data/datasets_USA.zip
2025-12-17 14:30:46 - exhaustive_index - INFO - Read 1701 table(s) from /app/data/canada_us_uk_open_data/datasets_USA.zip
2025-12-17 14:30:46 - exhaustive_index - INFO - Read 1801 table(s) from /app/data/canada_us_uk_open_data/datasets_USA.zip
2025-12-17 14:30:47 - exhaustive_index - INFO - Read 1901 table(s) from /app/data/canada_us_uk_open_data/datasets_USA.zip
2025-12-17 14:30:48 - exhaustive_index - INFO - Read 2001 table(s) from /app/data/canada_us_uk_open_data/datasets_USA.zip
2025-12-17 14:30:48 - exhaustive_index - INFO - Read 2101 table(s) from /app/data/canada_us_uk_open_data/datasets_USA.zip
2025-12-17 14:30:49 - exhaustive_index - INFO - Read 2201 table(s) from /app/data/canada_us_uk_open_data/datasets_USA.zip
2025-12-17 14:30:50 - exhaustive_index - INFO - Read 2301 table(s) from /app/data/canada_us_uk_open_data/datasets_USA.zip
2025-12-17 14:30:50 - exhaustive_index - INFO - Read 2401 table(s) from /app/data/canada_us_uk_open_data/datasets_USA.zip
2025-12-17 14:30:53 - exhaustive_index - INFO - Read 2501 table(s) from /app/data/canada_us_uk_open_data/datasets_USA.zip
2025-12-17 14:30:55 - exhaustive_index - INFO - Read 2601 table(s) from /app/data/canada_us_uk_open_data/datasets_USA.zip
2025-12-17 14:30:57 - exhaustive_index - INFO - Read 2701 table(s) from /app/data/canada_us_uk_open_data/datasets_USA.zip
2025-12-17 14:31:01 - exhaustive_index - INFO - Read 2801 table(s) from /app/data/canada_us_uk_open_data/datasets_USA.zip
2025-12-17 14:31:06 - exhaustive_index - INFO - Read 2901 table(s) from /app/data/canada_us_uk_open_data/datasets_USA.zip
2025-12-17 14:31:11 - exhaustive_index - INFO - Read 3001 table(s) from /app/data/canada_us_uk_open_data/datasets_USA.zip
2025-12-17 14:31:15 - exhaustive_index - INFO - Read 3101 table(s) from /app/data/canada_us_uk_open_data/datasets_USA.zip
2025-12-17 14:31:22 - exhaustive_index - INFO - Read 3201 table(s) from /app/data/canada_us_uk_open_data/datasets_USA.zip
2025-12-17 14:31:24 - exhaustive_index - INFO - Read 3301 table(s) from /app/data/canada_us_uk_open_data/datasets_USA.zip
2025-12-17 14:31:34 - exhaustive_index - INFO - Read 3401 table(s) from /app/data/canada_us_uk_open_data/datasets_USA.zip
2025-12-17 14:31:40 - exhaustive_index - INFO - Read 3501 table(s) from /app/data/canada_us_uk_open_data/datasets_USA.zip
2025-12-17 14:31:44 - exhaustive_index - INFO - Read 3601 table(s) from /app/data/canada_us_uk_open_data/datasets_USA.zip
2025-12-17 14:31:47 - exhaustive_index - INFO - Read 3701 table(s) from /app/data/canada_us_uk_open_data/datasets_USA.zip
2025-12-17 14:31:50 - exhaustive_index - INFO - Read 3801 table(s) from /app/data/canada_us_uk_open_data/datasets_USA.zip
2025-12-17 14:31:57 - exhaustive_index - INFO - Read 3901 table(s) from /app/data/canada_us_uk_open_data/datasets_USA.zip
2025-12-17 14:32:05 - exhaustive_index - INFO - Read 4001 table(s) from /app/data/canada_us_uk_open_data/datasets_USA.zip
2025-12-17 14:32:08 - exhaustive_index - INFO - Read 4101 table(s) from /app/data/canada_us_uk_open_data/datasets_USA.zip
2025-12-17 14:32:16 - exhaustive_index - INFO - Read 4201 table(s) from /app/data/canada_us_uk_open_data/datasets_USA.zip
2025-12-17 14:32:20 - exhaustive_index - INFO - Read 4301 table(s) from /app/data/canada_us_uk_open_data/datasets_USA.zip
2025-12-17 14:32:26 - exhaustive_index - INFO - Read 4401 table(s) from /app/data/canada_us_uk_open_data/datasets_USA.zip
2025-12-17 14:32:34 - exhaustive_index - INFO - Read 4501 table(s) from /app/data/canada_us_uk_open_data/datasets_USA.zip
2025-12-17 14:32:41 - exhaustive_index - INFO - Read 4601 table(s) from /app/data/canada_us_uk_open_data/datasets_USA.zip
2025-12-17 14:32:48 - exhaustive_index - INFO - Read 4701 table(s) from /app/data/canada_us_uk_open_data/datasets_USA.zip
2025-12-17 14:32:56 - exhaustive_index - INFO - Read 4801 table(s) from /app/data/canada_us_uk_open_data/datasets_USA.zip
2025-12-17 14:33:02 - exhaustive_index - INFO - Read 4901 table(s) from /app/data/canada_us_uk_open_data/datasets_USA.zip
2025-12-17 14:33:09 - exhaustive_index - INFO - Read 5001 table(s) from /app/data/canada_us_uk_open_data/datasets_USA.zip
2025-12-17 14:33:09 - exhaustive_index - INFO - Read 5101 table(s) from /app/data/canada_us_uk_open_data/datasets_USA.zip
2025-12-17 14:33:10 - exhaustive_index - INFO - Processing table 0 - datasets_USA/USA_CSV0000000000000009.csv
2025-12-17 14:33:10 - exhaustive_index - INFO - Table datasets_USA/USA_CSV0000000000000009.csv has 0 rows and 7 columns
2025-12-17 14:33:10 - exhaustive_index - INFO - Processed table 0 - datasets_USA/USA_CSV0000000000000009.csv
2025-12-17 14:33:11 - exhaustive_index - INFO - Processing table 1 - datasets_USA/USA_CSV0000000000000030.csv
2025-12-17 14:33:11 - exhaustive_index - INFO - Table datasets_USA/USA_CSV0000000000000030.csv has 154 rows and 10 columns
2025-12-17 14:33:11 - exhaustive_index - INFO - Processed table 1 - datasets_USA/USA_CSV0000000000000030.csv
2025-12-17 14:33:12 - exhaustive_index - INFO - Processing table 2 - datasets_USA/USA_CSV0000000000000153.csv
2025-12-17 14:33:12 - exhaustive_index - INFO - Table datasets_USA/USA_CSV0000000000000153.csv has 230 rows and 9 columns
2025-12-17 14:33:12 - exhaustive_index - INFO - Processed table 2 - datasets_USA/USA_CSV0000000000000153.csv
2025-12-17 14:33:12 - exhaustive_index - INFO - Processing table 3 - datasets_USA/USA_CSV0000000000000157.csv
2025-12-17 14:33:12 - exhaustive_index - INFO - Table datasets_USA/USA_CSV0000000000000157.csv has 302 rows and 10 columns
2025-12-17 14:33:12 - exhaustive_index - INFO - Processed table 3 - datasets_USA/USA_CSV0000000000000157.csv
2025-12-17 14:33:12 - exhaustive_index - INFO - Processing table 4 - datasets_USA/USA_CSV0000000000000230.csv
2025-12-17 14:33:12 - exhaustive_index - INFO - Table datasets_USA/USA_CSV0000000000000230.csv has 123 rows and 6 columns
2025-12-17 14:33:12 - exhaustive_index - INFO - Processed table 4 - datasets_USA/USA_CSV0000000000000230.csv
2025-12-17 14:33:13 - exhaustive_index - INFO - Processing table 5 - datasets_USA/USA_CSV0000000000000235.csv
2025-12-17 14:33:13 - exhaustive_index - INFO - Table datasets_USA/USA_CSV0000000000000235.csv has 274 rows and 6 columns
2025-12-17 14:33:13 - exhaustive_index - INFO - Processed table 5 - datasets_USA/USA_CSV0000000000000235.csv
2025-12-17 14:33:15 - exhaustive_index - INFO - Processing table 6 - datasets_USA/USA_CSV0000000000000373__10.csv
2025-12-17 14:33:15 - exhaustive_index - INFO - Table datasets_USA/USA_CSV0000000000000373__10.csv has 49504 rows and 8 columns
2025-12-17 14:33:15 - exhaustive_index - INFO - Processed table 6 - datasets_USA/USA_CSV0000000000000373__10.csv
2025-12-17 14:33:19 - exhaustive_index - INFO - Processing table 7 - datasets_USA/USA_CSV0000000000000376__0.csv
2025-12-17 14:33:19 - exhaustive_index - INFO - Table datasets_USA/USA_CSV0000000000000376__0.csv has 64691 rows and 7 columns
2025-12-17 14:33:19 - exhaustive_index - INFO - Processed table 7 - datasets_USA/USA_CSV0000000000000376__0.csv
2025-12-17 14:33:24 - exhaustive_index - INFO - Processing table 8 - datasets_USA/USA_CSV0000000000000382__50.csv
2025-12-17 14:33:24 - exhaustive_index - INFO - Table datasets_USA/USA_CSV0000000000000382__50.csv has 49504 rows and 8 columns
2025-12-17 14:33:24 - exhaustive_index - INFO - Processed table 8 - datasets_USA/USA_CSV0000000000000382__50.csv
2025-12-17 14:33:25 - exhaustive_index - INFO - Processing table 9 - datasets_USA/USA_CSV0000000000000463.csv
2025-12-17 14:33:25 - exhaustive_index - INFO - Table datasets_USA/USA_CSV0000000000000463.csv has 8760 rows and 21 columns
2025-12-17 14:33:25 - exhaustive_index - INFO - Processed table 9 - datasets_USA/USA_CSV0000000000000463.csv
2025-12-17 14:33:26 - exhaustive_index - INFO - Processing table 10 - datasets_USA/USA_CSV0000000000000470.csv
2025-12-17 14:33:26 - exhaustive_index - INFO - Table datasets_USA/USA_CSV0000000000000470.csv has 57 rows and 10 columns
2025-12-17 14:33:26 - exhaustive_index - INFO - Processed table 10 - datasets_USA/USA_CSV0000000000000470.csv
2025-12-17 14:33:33 - exhaustive_index - INFO - Processing table 11 - datasets_USA/USA_CSV0000000000000487.csv
2025-12-17 14:33:33 - exhaustive_index - INFO - Table datasets_USA/USA_CSV0000000000000487.csv has 92156 rows and 11 columns
2025-12-17 14:33:33 - exhaustive_index - INFO - Processed table 11 - datasets_USA/USA_CSV0000000000000487.csv
2025-12-17 14:33:35 - exhaustive_index - INFO - Processing table 12 - datasets_USA/USA_CSV0000000000000491.csv
2025-12-17 14:33:35 - exhaustive_index - INFO - Table datasets_USA/USA_CSV0000000000000491.csv has 8784 rows and 21 columns
2025-12-17 14:33:35 - exhaustive_index - INFO - Processed table 12 - datasets_USA/USA_CSV0000000000000491.csv
2025-12-17 14:33:38 - exhaustive_index - INFO - Processing table 13 - datasets_USA/USA_CSV0000000000000504__09.csv
2025-12-17 14:33:38 - exhaustive_index - INFO - Table datasets_USA/USA_CSV0000000000000504__09.csv has 33422 rows and 8 columns
2025-12-17 14:33:38 - exhaustive_index - INFO - Processed table 13 - datasets_USA/USA_CSV0000000000000504__09.csv
2025-12-17 14:33:39 - exhaustive_index - INFO - Processing table 14 - datasets_USA/USA_CSV0000000000000505.csv
2025-12-17 14:33:39 - exhaustive_index - INFO - Table datasets_USA/USA_CSV0000000000000505.csv has 6629 rows and 9 columns
2025-12-17 14:33:39 - exhaustive_index - INFO - Processed table 14 - datasets_USA/USA_CSV0000000000000505.csv
2025-12-17 14:33:47 - exhaustive_index - INFO - Processing table 15 - datasets_USA/USA_CSV0000000000000508.csv
2025-12-17 14:33:47 - exhaustive_index - INFO - Table datasets_USA/USA_CSV0000000000000508.csv has 121448 rows and 7 columns
2025-12-17 14:33:47 - exhaustive_index - INFO - Processed table 15 - datasets_USA/USA_CSV0000000000000508.csv
2025-12-17 14:33:50 - exhaustive_index - INFO - Processing table 16 - datasets_USA/USA_CSV0000000000000509.csv
2025-12-17 14:33:50 - exhaustive_index - INFO - Table datasets_USA/USA_CSV0000000000000509.csv has 8760 rows and 21 columns
2025-12-17 14:33:50 - exhaustive_index - INFO - Processed table 16 - datasets_USA/USA_CSV0000000000000509.csv
2025-12-17 14:33:51 - exhaustive_index - INFO - Processing table 17 - datasets_USA/USA_CSV0000000000000510.csv
2025-12-17 14:33:51 - exhaustive_index - INFO - Table datasets_USA/USA_CSV0000000000000510.csv has 487 rows and 14 columns
2025-12-17 14:33:51 - exhaustive_index - INFO - Processed table 17 - datasets_USA/USA_CSV0000000000000510.csv
2025-12-17 14:33:57 - exhaustive_index - INFO - Processing table 18 - datasets_USA/USA_CSV0000000000000511.csv
2025-12-17 14:33:57 - exhaustive_index - INFO - Table datasets_USA/USA_CSV0000000000000511.csv has 31436 rows and 22 columns
2025-12-17 14:33:57 - exhaustive_index - INFO - Processed table 18 - datasets_USA/USA_CSV0000000000000511.csv
2025-12-17 14:34:02 - exhaustive_index - INFO - Processing table 19 - datasets_USA/USA_CSV0000000000000514.csv
2025-12-17 14:34:02 - exhaustive_index - INFO - Table datasets_USA/USA_CSV0000000000000514.csv has 14011 rows and 19 columns
2025-12-17 14:34:02 - exhaustive_index - INFO - Processed table 19 - datasets_USA/USA_CSV0000000000000514.csv
2025-12-17 14:34:05 - exhaustive_index - INFO - Processing table 20 - datasets_USA/USA_CSV0000000000000517.csv
2025-12-17 14:34:05 - exhaustive_index - INFO - Table datasets_USA/USA_CSV0000000000000517.csv has 8760 rows and 21 columns
2025-12-17 14:34:05 - exhaustive_index - INFO - Processed table 20 - datasets_USA/USA_CSV0000000000000517.csv
2025-12-17 14:34:09 - exhaustive_index - INFO - Processing table 21 - datasets_USA/USA_CSV0000000000000520.csv
2025-12-17 14:34:09 - exhaustive_index - INFO - Table datasets_USA/USA_CSV0000000000000520.csv has 8760 rows and 21 columns
2025-12-17 14:34:09 - exhaustive_index - INFO - Processed table 21 - datasets_USA/USA_CSV0000000000000520.csv
2025-12-17 14:34:10 - exhaustive_index - INFO - Processing table 22 - datasets_USA/USA_CSV0000000000000522.csv
2025-12-17 14:34:10 - exhaustive_index - INFO - Table datasets_USA/USA_CSV0000000000000522.csv has 8784 rows and 21 columns
2025-12-17 14:34:10 - exhaustive_index - INFO - Processed table 22 - datasets_USA/USA_CSV0000000000000522.csv
2025-12-17 14:34:10 - exhaustive_index - INFO - Processing table 23 - datasets_USA/USA_CSV0000000000000524.csv
2025-12-17 14:34:10 - exhaustive_index - INFO - Table datasets_USA/USA_CSV0000000000000524.csv has 17 rows and 6 columns
2025-12-17 14:34:10 - exhaustive_index - INFO - Processed table 23 - datasets_USA/USA_CSV0000000000000524.csv
2025-12-17 14:34:12 - exhaustive_index - INFO - Processing table 24 - datasets_USA/USA_CSV0000000000000539.csv
2025-12-17 14:34:12 - exhaustive_index - INFO - Table datasets_USA/USA_CSV0000000000000539.csv has 35238 rows and 9 columns
2025-12-17 14:34:12 - exhaustive_index - INFO - Processed table 24 - datasets_USA/USA_CSV0000000000000539.csv
2025-12-17 14:34:13 - exhaustive_index - INFO - Processing table 25 - datasets_USA/USA_CSV0000000000000548.csv
2025-12-17 14:34:13 - exhaustive_index - INFO - Table datasets_USA/USA_CSV0000000000000548.csv has 34387 rows and 4 columns
2025-12-17 14:34:13 - exhaustive_index - INFO - Processed table 25 - datasets_USA/USA_CSV0000000000000548.csv
2025-12-17 14:34:34 - exhaustive_index - INFO - Processing table 26 - datasets_USA/USA_CSV0000000000000549.csv
2025-12-17 14:34:34 - exhaustive_index - INFO - Table datasets_USA/USA_CSV0000000000000549.csv has 24813 rows and 32 columns
2025-12-17 14:34:34 - exhaustive_index - INFO - Processed table 26 - datasets_USA/USA_CSV0000000000000549.csv
2025-12-17 14:34:35 - exhaustive_index - INFO - Processing table 27 - datasets_USA/USA_CSV0000000000000552.csv
2025-12-17 14:34:35 - exhaustive_index - INFO - Table datasets_USA/USA_CSV0000000000000552.csv has 85207 rows and 4 columns
2025-12-17 14:34:35 - exhaustive_index - INFO - Processed table 27 - datasets_USA/USA_CSV0000000000000552.csv
2025-12-17 14:34:36 - exhaustive_index - INFO - Processing table 28 - datasets_USA/USA_CSV0000000000000553.csv
2025-12-17 14:34:36 - exhaustive_index - INFO - Table datasets_USA/USA_CSV0000000000000553.csv has 81002 rows and 3 columns
2025-12-17 14:34:36 - exhaustive_index - INFO - Processed table 28 - datasets_USA/USA_CSV0000000000000553.csv
2025-12-17 14:34:38 - exhaustive_index - INFO - Processing table 29 - datasets_USA/USA_CSV0000000000000555.csv
2025-12-17 14:34:38 - exhaustive_index - INFO - Table datasets_USA/USA_CSV0000000000000555.csv has 91548 rows and 7 columns
2025-12-17 14:34:38 - exhaustive_index - INFO - Processed table 29 - datasets_USA/USA_CSV0000000000000555.csv
2025-12-17 14:34:39 - exhaustive_index - INFO - Processing table 30 - datasets_USA/USA_CSV0000000000000558.csv
2025-12-17 14:34:39 - exhaustive_index - INFO - Table datasets_USA/USA_CSV0000000000000558.csv has 40503 rows and 10 columns
2025-12-17 14:34:39 - exhaustive_index - INFO - Processed table 30 - datasets_USA/USA_CSV0000000000000558.csv
2025-12-17 14:34:39 - exhaustive_index - INFO - Processing table 31 - datasets_USA/USA_CSV0000000000000561.csv
2025-12-17 14:34:39 - exhaustive_index - INFO - Table datasets_USA/USA_CSV0000000000000561.csv has 54 rows and 4 columns
2025-12-17 14:34:39 - exhaustive_index - INFO - Processed table 31 - datasets_USA/USA_CSV0000000000000561.csv
2025-12-17 14:34:39 - exhaustive_index - INFO - Processing table 32 - datasets_USA/USA_CSV0000000000000562.csv
2025-12-17 14:34:39 - exhaustive_index - INFO - Table datasets_USA/USA_CSV0000000000000562.csv has 0 rows and 7 columns
2025-12-17 14:34:39 - exhaustive_index - INFO - Processed table 32 - datasets_USA/USA_CSV0000000000000562.csv
2025-12-17 14:34:46 - exhaustive_index - INFO - Processing table 33 - datasets_USA/USA_CSV0000000000000564.csv
2025-12-17 14:34:46 - exhaustive_index - INFO - Table datasets_USA/USA_CSV0000000000000564.csv has 49981 rows and 25 columns
2025-12-17 14:34:46 - exhaustive_index - INFO - Processed table 33 - datasets_USA/USA_CSV0000000000000564.csv
2025-12-17 14:34:49 - exhaustive_index - INFO - Processing table 34 - datasets_USA/USA_CSV0000000000000572.csv
2025-12-17 14:34:49 - exhaustive_index - INFO - Table datasets_USA/USA_CSV0000000000000572.csv has 8760 rows and 21 columns
2025-12-17 14:34:49 - exhaustive_index - INFO - Processed table 34 - datasets_USA/USA_CSV0000000000000572.csv
2025-12-17 14:34:50 - exhaustive_index - INFO - Processing table 35 - datasets_USA/USA_CSV0000000000000577.csv
2025-12-17 14:34:50 - exhaustive_index - INFO - Table datasets_USA/USA_CSV0000000000000577.csv has 34429 rows and 4 columns
2025-12-17 14:34:50 - exhaustive_index - INFO - Processed table 35 - datasets_USA/USA_CSV0000000000000577.csv
2025-12-17 14:34:50 - exhaustive_index - INFO - Processing table 36 - datasets_USA/USA_CSV0000000000000578.csv
2025-12-17 14:34:50 - exhaustive_index - INFO - Table datasets_USA/USA_CSV0000000000000578.csv has 586 rows and 3 columns
2025-12-17 14:34:50 - exhaustive_index - INFO - Processed table 36 - datasets_USA/USA_CSV0000000000000578.csv
2025-12-17 14:34:52 - exhaustive_index - INFO - Processing table 37 - datasets_USA/USA_CSV0000000000000584.csv
2025-12-17 14:34:52 - exhaustive_index - INFO - Table datasets_USA/USA_CSV0000000000000584.csv has 60838 rows and 6 columns
2025-12-17 14:34:52 - exhaustive_index - INFO - Processed table 37 - datasets_USA/USA_CSV0000000000000584.csv
2025-12-17 14:34:53 - exhaustive_index - INFO - Processing table 38 - datasets_USA/USA_CSV0000000000000585.csv
2025-12-17 14:34:53 - exhaustive_index - INFO - Table datasets_USA/USA_CSV0000000000000585.csv has 8760 rows and 21 columns
2025-12-17 14:34:53 - exhaustive_index - INFO - Processed table 38 - datasets_USA/USA_CSV0000000000000585.csv
2025-12-17 14:35:27 - exhaustive_index - INFO - Processing table 39 - datasets_USA/USA_CSV0000000000000601.csv
2025-12-17 14:35:27 - exhaustive_index - INFO - Table datasets_USA/USA_CSV0000000000000601.csv has 44274 rows and 23 columns
2025-12-17 14:35:27 - exhaustive_index - INFO - Processed table 39 - datasets_USA/USA_CSV0000000000000601.csv
2025-12-17 14:35:50 - exhaustive_index - INFO - Processing table 40 - datasets_USA/USA_CSV0000000000000610.csv
2025-12-17 14:35:50 - exhaustive_index - INFO - Table datasets_USA/USA_CSV0000000000000610.csv has 272750 rows and 25 columns
2025-12-17 14:35:50 - exhaustive_index - INFO - Processed table 40 - datasets_USA/USA_CSV0000000000000610.csv
2025-12-17 14:36:59 - exhaustive_index - INFO - Processing table 41 - datasets_USA/USA_CSV0000000000000620.csv
2025-12-17 14:36:59 - exhaustive_index - INFO - Table datasets_USA/USA_CSV0000000000000620.csv has 2645 rows and 36 columns
2025-12-17 14:36:59 - exhaustive_index - INFO - Processed table 41 - datasets_USA/USA_CSV0000000000000620.csv
2025-12-17 14:37:03 - exhaustive_index - INFO - Processing table 42 - datasets_USA/USA_CSV0000000000000622.csv
2025-12-17 14:37:03 - exhaustive_index - INFO - Table datasets_USA/USA_CSV0000000000000622.csv has 38674 rows and 25 columns
2025-12-17 14:37:03 - exhaustive_index - INFO - Processed table 42 - datasets_USA/USA_CSV0000000000000622.csv
2025-12-17 14:38:43 - exhaustive_index - INFO - Processing table 43 - datasets_USA/USA_CSV0000000000000636.csv
2025-12-17 14:38:43 - exhaustive_index - INFO - Table datasets_USA/USA_CSV0000000000000636.csv has 1518 rows and 77 columns
2025-12-17 14:38:43 - exhaustive_index - INFO - Processed table 43 - datasets_USA/USA_CSV0000000000000636.csv
2025-12-17 14:38:43 - exhaustive_index - INFO - Processing table 44 - datasets_USA/USA_CSV0000000000000638.csv
2025-12-17 14:38:43 - exhaustive_index - INFO - Table datasets_USA/USA_CSV0000000000000638.csv has 106 rows and 11 columns
2025-12-17 14:38:43 - exhaustive_index - INFO - Processed table 44 - datasets_USA/USA_CSV0000000000000638.csv
2025-12-17 14:38:45 - exhaustive_index - INFO - Processing table 45 - datasets_USA/USA_CSV0000000000000647.csv
2025-12-17 14:38:45 - exhaustive_index - INFO - Table datasets_USA/USA_CSV0000000000000647.csv has 13620 rows and 14 columns
2025-12-17 14:38:45 - exhaustive_index - INFO - Processed table 45 - datasets_USA/USA_CSV0000000000000647.csv
2025-12-17 14:38:47 - exhaustive_index - INFO - Processing table 46 - datasets_USA/USA_CSV0000000000000656.csv
2025-12-17 14:38:47 - exhaustive_index - INFO - Table datasets_USA/USA_CSV0000000000000656.csv has 73713 rows and 6 columns
2025-12-17 14:38:47 - exhaustive_index - INFO - Processed table 46 - datasets_USA/USA_CSV0000000000000656.csv
2025-12-17 14:39:26 - exhaustive_index - INFO - Processing table 47 - datasets_USA/USA_CSV0000000000000657.csv
2025-12-17 14:39:26 - exhaustive_index - INFO - Table datasets_USA/USA_CSV0000000000000657.csv has 189028 rows and 30 columns
2025-12-17 14:39:26 - exhaustive_index - INFO - Processed table 47 - datasets_USA/USA_CSV0000000000000657.csv
2025-12-17 14:39:26 - exhaustive_index - INFO - Processing table 48 - datasets_USA/USA_CSV0000000000000669.csv
2025-12-17 14:39:26 - exhaustive_index - INFO - Table datasets_USA/USA_CSV0000000000000669.csv has 39257 rows and 3 columns
2025-12-17 14:39:26 - exhaustive_index - INFO - Processed table 48 - datasets_USA/USA_CSV0000000000000669.csv
2025-12-17 14:39:29 - exhaustive_index - INFO - Processing table 49 - datasets_USA/USA_CSV0000000000000672.csv
2025-12-17 14:39:29 - exhaustive_index - INFO - Table datasets_USA/USA_CSV0000000000000672.csv has 8784 rows and 21 columns
2025-12-17 14:39:29 - exhaustive_index - INFO - Processed table 49 - datasets_USA/USA_CSV0000000000000672.csv
2025-12-17 14:39:30 - exhaustive_index - INFO - Processing table 50 - datasets_USA/USA_CSV0000000000000673.csv
2025-12-17 14:39:30 - exhaustive_index - INFO - Table datasets_USA/USA_CSV0000000000000673.csv has 136 rows and 17 columns
2025-12-17 14:39:30 - exhaustive_index - INFO - Processed table 50 - datasets_USA/USA_CSV0000000000000673.csv
2025-12-17 14:39:30 - exhaustive_index - INFO - Processing table 51 - datasets_USA/USA_CSV0000000000000682.csv
2025-12-17 14:39:30 - exhaustive_index - INFO - Table datasets_USA/USA_CSV0000000000000682.csv has 10 rows and 3 columns
2025-12-17 14:39:30 - exhaustive_index - INFO - Processed table 51 - datasets_USA/USA_CSV0000000000000682.csv
2025-12-17 14:39:33 - exhaustive_index - INFO - Processing table 52 - datasets_USA/USA_CSV0000000000000683.csv
2025-12-17 14:39:33 - exhaustive_index - INFO - Table datasets_USA/USA_CSV0000000000000683.csv has 8784 rows and 21 columns
2025-12-17 14:39:33 - exhaustive_index - INFO - Processed table 52 - datasets_USA/USA_CSV0000000000000683.csv
2025-12-17 14:40:38 - exhaustive_index - INFO - Processing table 53 - datasets_USA/USA_CSV0000000000000703.csv
2025-12-17 14:40:38 - exhaustive_index - INFO - Table datasets_USA/USA_CSV0000000000000703.csv has 25589 rows and 38 columns
2025-12-17 14:40:38 - exhaustive_index - INFO - Processed table 53 - datasets_USA/USA_CSV0000000000000703.csv
2025-12-17 14:40:43 - exhaustive_index - INFO - Processing table 54 - datasets_USA/USA_CSV0000000000000707.csv
2025-12-17 14:40:43 - exhaustive_index - INFO - Table datasets_USA/USA_CSV0000000000000707.csv has 78622 rows and 8 columns
2025-12-17 14:40:43 - exhaustive_index - INFO - Processed table 54 - datasets_USA/USA_CSV0000000000000707.csv
2025-12-17 14:40:46 - exhaustive_index - INFO - Processing table 55 - datasets_USA/USA_CSV0000000000000708.csv
2025-12-17 14:40:46 - exhaustive_index - INFO - Table datasets_USA/USA_CSV0000000000000708.csv has 8760 rows and 21 columns
2025-12-17 14:40:46 - exhaustive_index - INFO - Processed table 55 - datasets_USA/USA_CSV0000000000000708.csv
2025-12-17 14:41:04 - exhaustive_index - INFO - Processing table 56 - datasets_USA/USA_CSV0000000000000713.csv
2025-12-17 14:41:04 - exhaustive_index - INFO - Table datasets_USA/USA_CSV0000000000000713.csv has 12023 rows and 29 columns
2025-12-17 14:41:04 - exhaustive_index - INFO - Processed table 56 - datasets_USA/USA_CSV0000000000000713.csv
2025-12-17 14:41:05 - exhaustive_index - INFO - Processing table 57 - datasets_USA/USA_CSV0000000000000715.csv
2025-12-17 14:41:05 - exhaustive_index - INFO - Table datasets_USA/USA_CSV0000000000000715.csv has 8760 rows and 21 columns
2025-12-17 14:41:05 - exhaustive_index - INFO - Processed table 57 - datasets_USA/USA_CSV0000000000000715.csv
2025-12-17 14:41:10 - exhaustive_index - INFO - Processing table 58 - datasets_USA/USA_CSV0000000000000720.csv
2025-12-17 14:41:10 - exhaustive_index - INFO - Table datasets_USA/USA_CSV0000000000000720.csv has 302 rows and 16 columns
2025-12-17 14:41:10 - exhaustive_index - INFO - Processed table 58 - datasets_USA/USA_CSV0000000000000720.csv
2025-12-17 14:41:10 - exhaustive_index - INFO - Processing table 59 - datasets_USA/USA_CSV0000000000000724.csv
2025-12-17 14:41:10 - exhaustive_index - INFO - Table datasets_USA/USA_CSV0000000000000724.csv has 34429 rows and 4 columns
2025-12-17 14:41:10 - exhaustive_index - INFO - Processed table 59 - datasets_USA/USA_CSV0000000000000724.csv
2025-12-17 14:41:18 - exhaustive_index - INFO - Processing table 60 - datasets_USA/USA_CSV0000000000000727.csv
2025-12-17 14:41:18 - exhaustive_index - INFO - Table datasets_USA/USA_CSV0000000000000727.csv has 99845 rows and 8 columns
2025-12-17 14:41:18 - exhaustive_index - INFO - Processed table 60 - datasets_USA/USA_CSV0000000000000727.csv
2025-12-17 14:41:20 - exhaustive_index - INFO - Processing table 61 - datasets_USA/USA_CSV0000000000000730.csv
2025-12-17 14:41:20 - exhaustive_index - INFO - Table datasets_USA/USA_CSV0000000000000730.csv has 154 rows and 9 columns
2025-12-17 14:41:20 - exhaustive_index - INFO - Processed table 61 - datasets_USA/USA_CSV0000000000000730.csv
2025-12-17 14:41:23 - exhaustive_index - INFO - Processing table 62 - datasets_USA/USA_CSV0000000000000736.csv
2025-12-17 14:41:23 - exhaustive_index - INFO - Table datasets_USA/USA_CSV0000000000000736.csv has 8760 rows and 21 columns
2025-12-17 14:41:23 - exhaustive_index - INFO - Processed table 62 - datasets_USA/USA_CSV0000000000000736.csv
2025-12-17 14:41:25 - exhaustive_index - INFO - Processing table 63 - datasets_USA/USA_CSV0000000000000739.csv
2025-12-17 14:41:25 - exhaustive_index - INFO - Table datasets_USA/USA_CSV0000000000000739.csv has 9818 rows and 16 columns
2025-12-17 14:41:25 - exhaustive_index - INFO - Processed table 63 - datasets_USA/USA_CSV0000000000000739.csv
2025-12-17 14:41:25 - exhaustive_index - INFO - Processing table 64 - datasets_USA/USA_CSV0000000000000740.csv
2025-12-17 14:41:25 - exhaustive_index - INFO - Table datasets_USA/USA_CSV0000000000000740.csv has 281 rows and 10 columns
2025-12-17 14:41:25 - exhaustive_index - INFO - Processed table 64 - datasets_USA/USA_CSV0000000000000740.csv
2025-12-17 14:42:16 - exhaustive_index - INFO - Processing table 65 - datasets_USA/USA_CSV0000000000000744.csv
2025-12-17 14:42:16 - exhaustive_index - INFO - Table datasets_USA/USA_CSV0000000000000744.csv has 2399997 rows, sampling 1_000_000 rows
2025-12-17 14:42:16 - exhaustive_index - INFO - Table datasets_USA/USA_CSV0000000000000744.csv has 2399997 rows and 15 columns
2025-12-17 14:42:16 - exhaustive_index - INFO - Processed table 65 - datasets_USA/USA_CSV0000000000000744.csv
2025-12-17 14:42:20 - exhaustive_index - INFO - Processing table 66 - datasets_USA/USA_CSV0000000000000746.csv
2025-12-17 14:42:20 - exhaustive_index - INFO - Table datasets_USA/USA_CSV0000000000000746.csv has 30238 rows and 11 columns
2025-12-17 14:42:20 - exhaustive_index - INFO - Processed table 66 - datasets_USA/USA_CSV0000000000000746.csv
2025-12-17 14:42:23 - exhaustive_index - INFO - Processing table 67 - datasets_USA/USA_CSV0000000000000765.csv
2025-12-17 14:42:23 - exhaustive_index - INFO - Table datasets_USA/USA_CSV0000000000000765.csv has 8760 rows and 21 columns
2025-12-17 14:42:23 - exhaustive_index - INFO - Processed table 67 - datasets_USA/USA_CSV0000000000000765.csv
2025-12-17 14:42:25 - exhaustive_index - INFO - Processing table 68 - datasets_USA/USA_CSV0000000000000768.csv
2025-12-17 14:42:25 - exhaustive_index - INFO - Table datasets_USA/USA_CSV0000000000000768.csv has 8760 rows and 21 columns
2025-12-17 14:42:25 - exhaustive_index - INFO - Processed table 68 - datasets_USA/USA_CSV0000000000000768.csv
Traceback (most recent call last):
  File "/app/augmentation/utils/lakes/multiprocessing_utils.py", line 33, in process_table
    index_data = self.index_table_func(table, table_index)
                 ^^^^^^^^^^^^^^^^^^^^^^^^^^^^^^^^^^^^^^^^^
  File "/app/augmentation/index.py", line 166, in index_table
    feature_selection_index, new_max_feature_index = self._index_features(table, query_func, group_col, group_col_index, numeric_cols, non_numeric_cols, table_index, max_feature_index, useful_columns, False)
                                                     ^^^^^^^^^^^^^^^^^^^^^^^^^^^^^^^^^^^^^^^^^^^^^^^^^^^^^^^^^^^^^^^^^^^^^^^^^^^^^^^^^^^^^^^^^^^^^^^^^^^^^^^^^^^^^^^^^^^^^^^^^^^^^^^^^^^^^^^^^^^^^^^^^^^^^^^^^^
  File "/app/augmentation/index.py", line 200, in _index_features
    result = query_func(table, group_col, numeric_cols, non_numeric_cols, useful_columns, feature_extraction)
             ^^^^^^^^^^^^^^^^^^^^^^^^^^^^^^^^^^^^^^^^^^^^^^^^^^^^^^^^^^^^^^^^^^^^^^^^^^^^^^^^^^^^^^^^^^^^^^^^
  File "/app/augmentation/index.py", line 370, in _combined_query
    non_constant_cols = [c for c, v in zip(constant_check.columns, constant_check.row(0)) if v]
                                                                   ^^^^^^^^^^^^^^^^^^^^^
  File "/usr/local/lib/python3.11/site-packages/polars/dataframe/frame.py", line 11474, in row
    row = self._df.row_tuple(index)
          ^^^^^^^^^^^^^^^^^^^^^^^^^
polars.exceptions.OutOfBoundsError: index 0 is out of bounds for sequence of length 0

During handling of the above exception, another exception occurred:

Traceback (most recent call last):
  File "/app/main.py", line 112, in <module>
    main()
  File "/app/main.py", line 104, in main
    cur_table_index = worker.index_lake(table_index, from_tar_archive=config[lake_name]['from_tar_archive'])
                      ^^^^^^^^^^^^^^^^^^^^^^^^^^^^^^^^^^^^^^^^^^^^^^^^^^^^^^^^^^^^^^^^^^^^^^^^^^^^^^^^^^^^^^
  File "/app/augmentation/index.py", line 107, in index_lake
    result = processor.process_table(data)
             ^^^^^^^^^^^^^^^^^^^^^^^^^^^^^
  File "/app/augmentation/utils/lakes/multiprocessing_utils.py", line 42, in process_table
    table.collect().write_csv(f'/app/data/{table_name_clean}.tsv', separator='\t')
  File "/usr/local/lib/python3.11/site-packages/polars/dataframe/frame.py", line 3099, in write_csv
    self.lazy().sink_csv(
  File "/usr/local/lib/python3.11/site-packages/polars/lazyframe/frame.py", line 3459, in sink_csv
    ldf.collect(engine=engine)
  File "/usr/local/lib/python3.11/site-packages/polars/_utils/deprecation.py", line 97, in wrapper
    return function(*args, **kwargs)
           ^^^^^^^^^^^^^^^^^^^^^^^^^
  File "/usr/local/lib/python3.11/site-packages/polars/lazyframe/opt_flags.py", line 328, in wrapper
    return function(*args, **kwargs)
           ^^^^^^^^^^^^^^^^^^^^^^^^^
  File "/usr/local/lib/python3.11/site-packages/polars/lazyframe/frame.py", line 2429, in collect
    return wrap_df(ldf.collect(engine, callback))
                   ^^^^^^^^^^^^^^^^^^^^^^^^^^^^^
PermissionError: Permission denied (os error 13): /app/data/USA_CSV0000000000000769.tsv
