2025-12-19 10:19:00 - exhaustive_index - INFO - Starting process
Traceback (most recent call last):
  File "/app/main.py", line 112, in <module>
    main()
  File "/app/main.py", line 104, in main
    cur_table_index = worker.index_lake(table_index, from_tar_archive=config[lake_name]['from_tar_archive'])
                      ^^^^^^^^^^^^^^^^^^^^^^^^^^^^^^^^^^^^^^^^^^^^^^^^^^^^^^^^^^^^^^^^^^^^^^^^^^^^^^^^^^^^^^
  File "/app/augmentation/index.py", line 53, in index_lake
    conn = self.db_connect_pool()
           ^^^^^^^^^^^^^^^^^^^^^^
  File "/app/augmentation/utils/database/query_processing.py", line 105, in db_connect_pool
    raise e
  File "/app/augmentation/utils/database/query_processing.py", line 95, in db_connect_pool
    conn_pool = pool.SimpleConnectionPool(
                ^^^^^^^^^^^^^^^^^^^^^^^^^^
  File "/usr/local/lib/python3.11/site-packages/psycopg2/pool.py", line 59, in __init__
    self._connect()
  File "/usr/local/lib/python3.11/site-packages/psycopg2/pool.py", line 63, in _connect
    conn = psycopg2.connect(*self._args, **self._kwargs)
           ^^^^^^^^^^^^^^^^^^^^^^^^^^^^^^^^^^^^^^^^^^^^^
  File "/usr/local/lib/python3.11/site-packages/psycopg2/__init__.py", line 122, in connect
    conn = _connect(dsn, connection_factory=connection_factory, **kwasync)
           ^^^^^^^^^^^^^^^^^^^^^^^^^^^^^^^^^^^^^^^^^^^^^^^^^^^^^^^^^^^^^^^
psycopg2.OperationalError: connection to server at "172.17.0.2", port 5432 failed: Connection timed out
	Is the server running on that host and accepting TCP/IP connections?

