Error for combination cuk_arrest_classification_0.001: [36mray::ForwardSelection.run()[39m (pid=3937647, ip=192.168.5.8, actor_id=86f7fec7438413e2972a4cda01000000, repr=<augmentation.feature_selection.algorithms.greedy.ForwardSelection object at 0x74bec2650110>)
           ^^^^^^^^^^^^^^^^^^^^^^^^^^^^^^^^^^^^
           ^^^^^^^^^^^^^^^^^^^^^^^^^^^^^^^
  File "/home/fedor/Fast_Data_Discovery/augmentation/feature_selection/algorithms/greedy.py", line 273, in run
    update_results = ray.get(update_futures)
                     ^^^^^^^^^^^^^^^^^^^^^^^
           ^^^^^^^^^^^^^^^^^^^
           ^^^^^^^^^^^^^^^^^^^^^
                                  ^^^^^^^^^^^^^^^^^^^^^^^^^^^^^^^^^^^^^^^^^^^^^^^^
ray.exceptions.RayTaskError(ValueError): [36mray::SketchProcessor._update_cache_and_get_stats()[39m (pid=3940580, ip=192.168.5.8, actor_id=ada63973213d3ca69e4387c101000000, repr=<augmentation.feature_selection.sketch_processing.SketchProcessor object at 0x7f9da0453530>)
           ^^^^^^^^^^^^^^^^^^^^^^^^^^^^^^^^^^^^
           ^^^^^^^^^^^^^^^^^^^^^^^^^^^^^^^
  File "/home/fedor/Fast_Data_Discovery/augmentation/feature_selection/sketch_processing.py", line 1032, in _update_cache_and_get_stats
    self._update_from_cache(table_feature_index, task)
           ^^^^^^^^^^^^^^^^^^^^^^^^^^^^^^^
  File "/home/fedor/Fast_Data_Discovery/augmentation/feature_selection/sketch_processing.py", line 940, in _update_from_cache
    aug_cofactor_matrix[:aug_init_rows-new_features_count, :aug_init_cols-new_features_count] = 0
    ~~~~~~~~~~~~~~~~~~~^^^^^^^^^^^^^^^^^^^^^^^^^^^^^^^^^^^^^^^^^^^^^^^^^^^^^^^^^^^^^^^^^^^^^^
ValueError: assignment destination is read-only
Error for combination cuk_arrest_classification_0.5: [36mray::ForwardSelection.run()[39m (pid=4021747, ip=192.168.5.8, actor_id=4970ed14f73a6c6bc68f72e501000000, repr=<augmentation.feature_selection.algorithms.greedy.ForwardSelection object at 0x72011ab23fb0>)
           ^^^^^^^^^^^^^^^^^^^^^^^^^^^^^^^^^^^^
           ^^^^^^^^^^^^^^^^^^^^^^^^^^^^^^^
  File "/home/fedor/Fast_Data_Discovery/augmentation/feature_selection/algorithms/greedy.py", line 280, in run
    task_calls = self._collect_tasks(task, model, remaining_features, n_iter, **{'sketch_proc_per_class': sketch_proc_per_class, 'statistics_per_class': statistics_per_class})
                 ^^^^^^^^^^^^^^^^^^^^^^^^^^^^^^^^^^^^^^^^^^^^^^^^^^^^^^^^^^^^^^^^^^^^^^^^^^^^^^^^^^^^^^^^^^^^^^^^^^^^^^^^^^^^^^^^^^^^^^^^^^^^^^^^^^^^^^^^^^^^^^^^^^^^^^^^^^^^^^
           ^^^^^^^^^^^^^^^^^^^^^^^^^^^^^^^
  File "/home/fedor/Fast_Data_Discovery/augmentation/feature_selection/algorithms/greedy.py", line 350, in _collect_tasks
    np.stack(
  File "/home/fedor/Fast_Data_Discovery/.venv/lib/python3.12/site-packages/numpy/_core/shape_base.py", line 457, in stack
    raise ValueError('all input arrays must have the same shape')
ValueError: all input arrays must have the same shape
